*** Using Compiler 'V6.24', folder: 'D:\keil5\ARM\ARMCLANG\Bin'
Build target 'mm32f327x_g8p_project'
".\Objects\MM32F327X_G8P.axf" - 0 Error(s), 0 Warning(s).
Build Time Elapsed:  00:00:01
